---
source: crates/e2e/tests/invalid_types.rs
description: 1 + (fn x -> 3)
expression: ast
---
Expr {
    span: Some(
        Span {
            start: 0,
            end: 14,
        },
    ),
    expression: Apply(
        Apply {
            function: Expr {
                span: Some(
                    Span {
                        start: 0,
                        end: 14,
                    },
                ),
                expression: Apply(
                    Apply {
                        function: Expr {
                            span: Some(
                                Span {
                                    start: 0,
                                    end: 14,
                                },
                            ),
                            expression: Identifier(
                                Operator(
                                    "+",
                                ),
                            ),
                        },
                        argument: Expr {
                            span: Some(
                                Span {
                                    start: 0,
                                    end: 1,
                                },
                            ),
                            expression: Primitive(
                                Integer(
                                    Small(
                                        1,
                                    ),
                                ),
                            ),
                        },
                    },
                ),
            },
            argument: Expr {
                span: Some(
                    Span {
                        start: 5,
                        end: 14,
                    },
                ),
                expression: Function(
                    Function {
                        parameter: Name(
                            "x",
                        ),
                        body: Expr {
                            span: Some(
                                Span {
                                    start: 13,
                                    end: 14,
                                },
                            ),
                            expression: Primitive(
                                Integer(
                                    Small(
                                        3,
                                    ),
                                ),
                            ),
                        },
                    },
                ),
            },
        },
    ),
}
