---
source: crates/e2e/tests/valid_programs.rs
description: let something = 12 in let add_something = fn target -> target + something in add_something 9
expression: ast
---
Expr {
    span: Some(
        Span {
            start: 0,
            end: 92,
        },
    ),
    expression: Assign(
        Assign {
            name: Name(
                "something",
            ),
            value: Expr {
                span: Some(
                    Span {
                        start: 16,
                        end: 18,
                    },
                ),
                expression: Primitive(
                    Integer(
                        Small(
                            12,
                        ),
                    ),
                ),
            },
            inner: Expr {
                span: Some(
                    Span {
                        start: 22,
                        end: 92,
                    },
                ),
                expression: Assign(
                    Assign {
                        name: Name(
                            "add_something",
                        ),
                        value: Expr {
                            span: Some(
                                Span {
                                    start: 42,
                                    end: 73,
                                },
                            ),
                            expression: Function(
                                Function {
                                    parameter: Name(
                                        "target",
                                    ),
                                    body: Expr {
                                        span: Some(
                                            Span {
                                                start: 55,
                                                end: 73,
                                            },
                                        ),
                                        expression: Apply(
                                            Apply {
                                                function: Expr {
                                                    span: Some(
                                                        Span {
                                                            start: 55,
                                                            end: 73,
                                                        },
                                                    ),
                                                    expression: Apply(
                                                        Apply {
                                                            function: Expr {
                                                                span: Some(
                                                                    Span {
                                                                        start: 55,
                                                                        end: 73,
                                                                    },
                                                                ),
                                                                expression: Identifier(
                                                                    Operator(
                                                                        "+",
                                                                    ),
                                                                ),
                                                            },
                                                            argument: Expr {
                                                                span: Some(
                                                                    Span {
                                                                        start: 55,
                                                                        end: 61,
                                                                    },
                                                                ),
                                                                expression: Identifier(
                                                                    Name(
                                                                        "target",
                                                                    ),
                                                                ),
                                                            },
                                                        },
                                                    ),
                                                },
                                                argument: Expr {
                                                    span: Some(
                                                        Span {
                                                            start: 64,
                                                            end: 73,
                                                        },
                                                    ),
                                                    expression: Identifier(
                                                        Name(
                                                            "something",
                                                        ),
                                                    ),
                                                },
                                            },
                                        ),
                                    },
                                },
                            ),
                        },
                        inner: Expr {
                            span: Some(
                                Span {
                                    start: 77,
                                    end: 92,
                                },
                            ),
                            expression: Apply(
                                Apply {
                                    function: Expr {
                                        span: Some(
                                            Span {
                                                start: 77,
                                                end: 90,
                                            },
                                        ),
                                        expression: Identifier(
                                            Name(
                                                "add_something",
                                            ),
                                        ),
                                    },
                                    argument: Expr {
                                        span: Some(
                                            Span {
                                                start: 91,
                                                end: 92,
                                            },
                                        ),
                                        expression: Primitive(
                                            Integer(
                                                Small(
                                                    9,
                                                ),
                                            ),
                                        ),
                                    },
                                },
                            ),
                        },
                    },
                ),
            },
        },
    ),
}
