---
source: crates/e2e/tests/valid_programs.rs
description: (fn x -> fn y -> x + y) (8 * 2) (3 * 4)
expression: ast
---
Expr {
    span: Some(
        Span {
            start: 1,
            end: 38,
        },
    ),
    expression: Apply(
        Apply {
            function: Expr {
                span: Some(
                    Span {
                        start: 1,
                        end: 30,
                    },
                ),
                expression: Apply(
                    Apply {
                        function: Expr {
                            span: Some(
                                Span {
                                    start: 1,
                                    end: 22,
                                },
                            ),
                            expression: Function(
                                Function {
                                    parameter: Name(
                                        "x",
                                    ),
                                    body: Expr {
                                        span: Some(
                                            Span {
                                                start: 9,
                                                end: 22,
                                            },
                                        ),
                                        expression: Function(
                                            Function {
                                                parameter: Name(
                                                    "y",
                                                ),
                                                body: Expr {
                                                    span: Some(
                                                        Span {
                                                            start: 17,
                                                            end: 22,
                                                        },
                                                    ),
                                                    expression: Apply(
                                                        Apply {
                                                            function: Expr {
                                                                span: Some(
                                                                    Span {
                                                                        start: 17,
                                                                        end: 22,
                                                                    },
                                                                ),
                                                                expression: Apply(
                                                                    Apply {
                                                                        function: Expr {
                                                                            span: Some(
                                                                                Span {
                                                                                    start: 17,
                                                                                    end: 22,
                                                                                },
                                                                            ),
                                                                            expression: Identifier(
                                                                                Operator(
                                                                                    "+",
                                                                                ),
                                                                            ),
                                                                        },
                                                                        argument: Expr {
                                                                            span: Some(
                                                                                Span {
                                                                                    start: 17,
                                                                                    end: 18,
                                                                                },
                                                                            ),
                                                                            expression: Identifier(
                                                                                Name(
                                                                                    "x",
                                                                                ),
                                                                            ),
                                                                        },
                                                                    },
                                                                ),
                                                            },
                                                            argument: Expr {
                                                                span: Some(
                                                                    Span {
                                                                        start: 21,
                                                                        end: 22,
                                                                    },
                                                                ),
                                                                expression: Identifier(
                                                                    Name(
                                                                        "y",
                                                                    ),
                                                                ),
                                                            },
                                                        },
                                                    ),
                                                },
                                            },
                                        ),
                                    },
                                },
                            ),
                        },
                        argument: Expr {
                            span: Some(
                                Span {
                                    start: 25,
                                    end: 30,
                                },
                            ),
                            expression: Apply(
                                Apply {
                                    function: Expr {
                                        span: Some(
                                            Span {
                                                start: 25,
                                                end: 30,
                                            },
                                        ),
                                        expression: Apply(
                                            Apply {
                                                function: Expr {
                                                    span: Some(
                                                        Span {
                                                            start: 25,
                                                            end: 30,
                                                        },
                                                    ),
                                                    expression: Identifier(
                                                        Operator(
                                                            "*",
                                                        ),
                                                    ),
                                                },
                                                argument: Expr {
                                                    span: Some(
                                                        Span {
                                                            start: 25,
                                                            end: 26,
                                                        },
                                                    ),
                                                    expression: Primitive(
                                                        Integer(
                                                            Small(
                                                                8,
                                                            ),
                                                        ),
                                                    ),
                                                },
                                            },
                                        ),
                                    },
                                    argument: Expr {
                                        span: Some(
                                            Span {
                                                start: 29,
                                                end: 30,
                                            },
                                        ),
                                        expression: Primitive(
                                            Integer(
                                                Small(
                                                    2,
                                                ),
                                            ),
                                        ),
                                    },
                                },
                            ),
                        },
                    },
                ),
            },
            argument: Expr {
                span: Some(
                    Span {
                        start: 33,
                        end: 38,
                    },
                ),
                expression: Apply(
                    Apply {
                        function: Expr {
                            span: Some(
                                Span {
                                    start: 33,
                                    end: 38,
                                },
                            ),
                            expression: Apply(
                                Apply {
                                    function: Expr {
                                        span: Some(
                                            Span {
                                                start: 33,
                                                end: 38,
                                            },
                                        ),
                                        expression: Identifier(
                                            Operator(
                                                "*",
                                            ),
                                        ),
                                    },
                                    argument: Expr {
                                        span: Some(
                                            Span {
                                                start: 33,
                                                end: 34,
                                            },
                                        ),
                                        expression: Primitive(
                                            Integer(
                                                Small(
                                                    3,
                                                ),
                                            ),
                                        ),
                                    },
                                },
                            ),
                        },
                        argument: Expr {
                            span: Some(
                                Span {
                                    start: 37,
                                    end: 38,
                                },
                            ),
                            expression: Primitive(
                                Integer(
                                    Small(
                                        4,
                                    ),
                                ),
                            ),
                        },
                    },
                ),
            },
        },
    ),
}
