---
source: crates/e2e/tests/valid_programs.rs
description: let eight = 8 in eight * 3
expression: ast
---
Expr {
    span: Some(
        Span {
            start: 0,
            end: 26,
        },
    ),
    expression: Assign(
        Assign {
            name: Name(
                "eight",
            ),
            value: Expr {
                span: Some(
                    Span {
                        start: 12,
                        end: 13,
                    },
                ),
                expression: Primitive(
                    Integer(
                        Small(
                            8,
                        ),
                    ),
                ),
            },
            inner: Expr {
                span: Some(
                    Span {
                        start: 17,
                        end: 26,
                    },
                ),
                expression: Apply(
                    Apply {
                        function: Expr {
                            span: Some(
                                Span {
                                    start: 17,
                                    end: 26,
                                },
                            ),
                            expression: Apply(
                                Apply {
                                    function: Expr {
                                        span: Some(
                                            Span {
                                                start: 17,
                                                end: 26,
                                            },
                                        ),
                                        expression: Identifier(
                                            Operator(
                                                "*",
                                            ),
                                        ),
                                    },
                                    argument: Expr {
                                        span: Some(
                                            Span {
                                                start: 17,
                                                end: 22,
                                            },
                                        ),
                                        expression: Identifier(
                                            Name(
                                                "eight",
                                            ),
                                        ),
                                    },
                                },
                            ),
                        },
                        argument: Expr {
                            span: Some(
                                Span {
                                    start: 25,
                                    end: 26,
                                },
                            ),
                            expression: Primitive(
                                Integer(
                                    Small(
                                        3,
                                    ),
                                ),
                            ),
                        },
                    },
                ),
            },
        },
    ),
}
