---
source: crates/e2e/tests/valid_programs.rs
description: let double = fn input -> input + input in double (double 4)
expression: ast
---
Expr {
    span: Some(
        Span {
            start: 0,
            end: 58,
        },
    ),
    expression: Assign(
        Assign {
            name: Name(
                "double",
            ),
            value: Expr {
                span: Some(
                    Span {
                        start: 13,
                        end: 38,
                    },
                ),
                expression: Function(
                    Function {
                        parameter: Name(
                            "input",
                        ),
                        body: Expr {
                            span: Some(
                                Span {
                                    start: 25,
                                    end: 38,
                                },
                            ),
                            expression: Apply(
                                Apply {
                                    function: Expr {
                                        span: Some(
                                            Span {
                                                start: 25,
                                                end: 38,
                                            },
                                        ),
                                        expression: Apply(
                                            Apply {
                                                function: Expr {
                                                    span: Some(
                                                        Span {
                                                            start: 25,
                                                            end: 38,
                                                        },
                                                    ),
                                                    expression: Identifier(
                                                        Operator(
                                                            "+",
                                                        ),
                                                    ),
                                                },
                                                argument: Expr {
                                                    span: Some(
                                                        Span {
                                                            start: 25,
                                                            end: 30,
                                                        },
                                                    ),
                                                    expression: Identifier(
                                                        Name(
                                                            "input",
                                                        ),
                                                    ),
                                                },
                                            },
                                        ),
                                    },
                                    argument: Expr {
                                        span: Some(
                                            Span {
                                                start: 33,
                                                end: 38,
                                            },
                                        ),
                                        expression: Identifier(
                                            Name(
                                                "input",
                                            ),
                                        ),
                                    },
                                },
                            ),
                        },
                    },
                ),
            },
            inner: Expr {
                span: Some(
                    Span {
                        start: 42,
                        end: 58,
                    },
                ),
                expression: Apply(
                    Apply {
                        function: Expr {
                            span: Some(
                                Span {
                                    start: 42,
                                    end: 48,
                                },
                            ),
                            expression: Identifier(
                                Name(
                                    "double",
                                ),
                            ),
                        },
                        argument: Expr {
                            span: Some(
                                Span {
                                    start: 50,
                                    end: 58,
                                },
                            ),
                            expression: Apply(
                                Apply {
                                    function: Expr {
                                        span: Some(
                                            Span {
                                                start: 50,
                                                end: 56,
                                            },
                                        ),
                                        expression: Identifier(
                                            Name(
                                                "double",
                                            ),
                                        ),
                                    },
                                    argument: Expr {
                                        span: Some(
                                            Span {
                                                start: 57,
                                                end: 58,
                                            },
                                        ),
                                        expression: Primitive(
                                            Integer(
                                                Small(
                                                    4,
                                                ),
                                            ),
                                        ),
                                    },
                                },
                            ),
                        },
                    },
                ),
            },
        },
    ),
}
