---
source: crates/e2e/tests/valid_programs.rs
expression: ast
---
Expr(
    Spanned {
        span: Span {
            start: 0,
            end: 49,
        },
        value: Assign(
            Assign {
                name: Name(
                    "value",
                ),
                value: Expr(
                    Spanned {
                        span: Span {
                            start: 12,
                            end: 14,
                        },
                        value: Primitive(
                            Integer(
                                Small(
                                    99,
                                ),
                            ),
                        ),
                    },
                ),
                inner: Expr(
                    Spanned {
                        span: Span {
                            start: 19,
                            end: 49,
                        },
                        value: Apply(
                            Apply {
                                function: Expr(
                                    Spanned {
                                        span: Span {
                                            start: 19,
                                            end: 42,
                                        },
                                        value: Function(
                                            Function {
                                                parameter: Name(
                                                    "wibble",
                                                ),
                                                body: Expr(
                                                    Spanned {
                                                        span: Span {
                                                            start: 32,
                                                            end: 42,
                                                        },
                                                        value: Apply(
                                                            Apply {
                                                                function: Expr(
                                                                    Spanned {
                                                                        span: Span {
                                                                            start: 32,
                                                                            end: 42,
                                                                        },
                                                                        value: Apply(
                                                                            Apply {
                                                                                function: Expr(
                                                                                    Spanned {
                                                                                        span: Span {
                                                                                            start: 32,
                                                                                            end: 42,
                                                                                        },
                                                                                        value: Identifier(
                                                                                            Operator(
                                                                                                "-",
                                                                                            ),
                                                                                        ),
                                                                                    },
                                                                                ),
                                                                                argument: Expr(
                                                                                    Spanned {
                                                                                        span: Span {
                                                                                            start: 32,
                                                                                            end: 38,
                                                                                        },
                                                                                        value: Identifier(
                                                                                            Name(
                                                                                                "wibble",
                                                                                            ),
                                                                                        ),
                                                                                    },
                                                                                ),
                                                                            },
                                                                        ),
                                                                    },
                                                                ),
                                                                argument: Expr(
                                                                    Spanned {
                                                                        span: Span {
                                                                            start: 41,
                                                                            end: 42,
                                                                        },
                                                                        value: Primitive(
                                                                            Integer(
                                                                                Small(
                                                                                    1,
                                                                                ),
                                                                            ),
                                                                        ),
                                                                    },
                                                                ),
                                                            },
                                                        ),
                                                    },
                                                ),
                                            },
                                        ),
                                    },
                                ),
                                argument: Expr(
                                    Spanned {
                                        span: Span {
                                            start: 44,
                                            end: 49,
                                        },
                                        value: Identifier(
                                            Name(
                                                "value",
                                            ),
                                        ),
                                    },
                                ),
                            },
                        ),
                    },
                ),
            },
        ),
    },
)
