---
source: crates/e2e/tests/valid_programs.rs
description: "match (1 + 1) { 1 -> 2; 2 -> 3; 3 -> 4; _ -> 0 }"
expression: ast
---
Expr {
    span: Some(
        Span {
            start: 0,
            end: 48,
        },
    ),
    expression: Match(
        Match {
            value: Expr {
                span: Some(
                    Span {
                        start: 7,
                        end: 12,
                    },
                ),
                expression: Apply(
                    Apply {
                        function: Expr {
                            span: Some(
                                Span {
                                    start: 7,
                                    end: 12,
                                },
                            ),
                            expression: Apply(
                                Apply {
                                    function: Expr {
                                        span: Some(
                                            Span {
                                                start: 7,
                                                end: 12,
                                            },
                                        ),
                                        expression: Identifier(
                                            Operator(
                                                "+",
                                            ),
                                        ),
                                    },
                                    argument: Expr {
                                        span: Some(
                                            Span {
                                                start: 7,
                                                end: 8,
                                            },
                                        ),
                                        expression: Primitive(
                                            Integer(
                                                Small(
                                                    1,
                                                ),
                                            ),
                                        ),
                                    },
                                },
                            ),
                        },
                        argument: Expr {
                            span: Some(
                                Span {
                                    start: 11,
                                    end: 12,
                                },
                            ),
                            expression: Primitive(
                                Integer(
                                    Small(
                                        1,
                                    ),
                                ),
                            ),
                        },
                    },
                ),
            },
            patterns: [
                PatternMatch {
                    pattern: Primitive(
                        Integer(
                            Small(
                                1,
                            ),
                        ),
                    ),
                    result: Expr {
                        span: Some(
                            Span {
                                start: 21,
                                end: 22,
                            },
                        ),
                        expression: Primitive(
                            Integer(
                                Small(
                                    2,
                                ),
                            ),
                        ),
                    },
                },
                PatternMatch {
                    pattern: Primitive(
                        Integer(
                            Small(
                                2,
                            ),
                        ),
                    ),
                    result: Expr {
                        span: Some(
                            Span {
                                start: 29,
                                end: 30,
                            },
                        ),
                        expression: Primitive(
                            Integer(
                                Small(
                                    3,
                                ),
                            ),
                        ),
                    },
                },
                PatternMatch {
                    pattern: Primitive(
                        Integer(
                            Small(
                                3,
                            ),
                        ),
                    ),
                    result: Expr {
                        span: Some(
                            Span {
                                start: 37,
                                end: 38,
                            },
                        ),
                        expression: Primitive(
                            Integer(
                                Small(
                                    4,
                                ),
                            ),
                        ),
                    },
                },
                PatternMatch {
                    pattern: Anything,
                    result: Expr {
                        span: Some(
                            Span {
                                start: 45,
                                end: 46,
                            },
                        ),
                        expression: Primitive(
                            Integer(
                                Small(
                                    0,
                                ),
                            ),
                        ),
                    },
                },
            ],
        },
    ),
}
