---
source: crates/e2e/tests/valid_programs.rs
description: let seven = 7 in seven
expression: ast
---
Expr {
    span: Some(
        Span {
            start: 0,
            end: 22,
        },
    ),
    expression: Assign(
        Assign {
            name: Name(
                "seven",
            ),
            value: Expr {
                span: Some(
                    Span {
                        start: 12,
                        end: 13,
                    },
                ),
                expression: Primitive(
                    Integer(
                        Small(
                            7,
                        ),
                    ),
                ),
            },
            inner: Expr {
                span: Some(
                    Span {
                        start: 17,
                        end: 22,
                    },
                ),
                expression: Identifier(
                    Name(
                        "seven",
                    ),
                ),
            },
        },
    ),
}
