---
source: crates/e2e/tests/valid_programs.rs
description: let value = 99 in (fn wibble -> wibble - 1) value
expression: ast
---
Expr {
    span: Some(
        Span {
            start: 0,
            end: 49,
        },
    ),
    expression: Assign(
        Assign {
            name: Name(
                "value",
            ),
            value: Expr {
                span: Some(
                    Span {
                        start: 12,
                        end: 14,
                    },
                ),
                expression: Primitive(
                    Integer(
                        Small(
                            99,
                        ),
                    ),
                ),
            },
            inner: Expr {
                span: Some(
                    Span {
                        start: 19,
                        end: 49,
                    },
                ),
                expression: Apply(
                    Apply {
                        function: Expr {
                            span: Some(
                                Span {
                                    start: 19,
                                    end: 42,
                                },
                            ),
                            expression: Function(
                                Function {
                                    parameter: Name(
                                        "wibble",
                                    ),
                                    body: Expr {
                                        span: Some(
                                            Span {
                                                start: 32,
                                                end: 42,
                                            },
                                        ),
                                        expression: Apply(
                                            Apply {
                                                function: Expr {
                                                    span: Some(
                                                        Span {
                                                            start: 32,
                                                            end: 42,
                                                        },
                                                    ),
                                                    expression: Apply(
                                                        Apply {
                                                            function: Expr {
                                                                span: Some(
                                                                    Span {
                                                                        start: 32,
                                                                        end: 42,
                                                                    },
                                                                ),
                                                                expression: Identifier(
                                                                    Operator(
                                                                        "-",
                                                                    ),
                                                                ),
                                                            },
                                                            argument: Expr {
                                                                span: Some(
                                                                    Span {
                                                                        start: 32,
                                                                        end: 38,
                                                                    },
                                                                ),
                                                                expression: Identifier(
                                                                    Name(
                                                                        "wibble",
                                                                    ),
                                                                ),
                                                            },
                                                        },
                                                    ),
                                                },
                                                argument: Expr {
                                                    span: Some(
                                                        Span {
                                                            start: 41,
                                                            end: 42,
                                                        },
                                                    ),
                                                    expression: Primitive(
                                                        Integer(
                                                            Small(
                                                                1,
                                                            ),
                                                        ),
                                                    ),
                                                },
                                            },
                                        ),
                                    },
                                },
                            ),
                        },
                        argument: Expr {
                            span: Some(
                                Span {
                                    start: 44,
                                    end: 49,
                                },
                            ),
                            expression: Identifier(
                                Name(
                                    "value",
                                ),
                            ),
                        },
                    },
                ),
            },
        },
    ),
}
