---
source: crates/e2e/tests/test.rs
expression: ast
---
Expr(
    Spanned {
        span: Span {
            start: 1,
            end: 17,
        },
        value: Apply(
            Apply {
                function: Expr(
                    Spanned {
                        span: Span {
                            start: 1,
                            end: 14,
                        },
                        value: Function(
                            Function {
                                parameter: Name(
                                    "x",
                                ),
                                body: Expr(
                                    Spanned {
                                        span: Span {
                                            start: 9,
                                            end: 14,
                                        },
                                        value: Apply(
                                            Apply {
                                                function: Expr(
                                                    Spanned {
                                                        span: Span {
                                                            start: 9,
                                                            end: 14,
                                                        },
                                                        value: Apply(
                                                            Apply {
                                                                function: Expr(
                                                                    Spanned {
                                                                        span: Span {
                                                                            start: 9,
                                                                            end: 14,
                                                                        },
                                                                        value: Identifier(
                                                                            Operator(
                                                                                "+",
                                                                            ),
                                                                        ),
                                                                    },
                                                                ),
                                                                argument: Expr(
                                                                    Spanned {
                                                                        span: Span {
                                                                            start: 9,
                                                                            end: 10,
                                                                        },
                                                                        value: Identifier(
                                                                            Name(
                                                                                "x",
                                                                            ),
                                                                        ),
                                                                    },
                                                                ),
                                                            },
                                                        ),
                                                    },
                                                ),
                                                argument: Expr(
                                                    Spanned {
                                                        span: Span {
                                                            start: 13,
                                                            end: 14,
                                                        },
                                                        value: Identifier(
                                                            Name(
                                                                "x",
                                                            ),
                                                        ),
                                                    },
                                                ),
                                            },
                                        ),
                                    },
                                ),
                            },
                        ),
                    },
                ),
                argument: Expr(
                    Spanned {
                        span: Span {
                            start: 16,
                            end: 17,
                        },
                        value: Primitive(
                            Integer(
                                Small(
                                    9,
                                ),
                            ),
                        ),
                    },
                ),
            },
        ),
    },
)
