---
source: crates/e2e/tests/valid_programs.rs
description: let negate = fn thing -> 0 - thing in let life = 42 in negate life
expression: ast
---
Expr {
    span: Some(
        Span {
            start: 0,
            end: 66,
        },
    ),
    expression: Assign(
        Assign {
            name: Name(
                "negate",
            ),
            value: Expr {
                span: Some(
                    Span {
                        start: 13,
                        end: 34,
                    },
                ),
                expression: Function(
                    Function {
                        parameter: Name(
                            "thing",
                        ),
                        body: Expr {
                            span: Some(
                                Span {
                                    start: 25,
                                    end: 34,
                                },
                            ),
                            expression: Apply(
                                Apply {
                                    function: Expr {
                                        span: Some(
                                            Span {
                                                start: 25,
                                                end: 34,
                                            },
                                        ),
                                        expression: Apply(
                                            Apply {
                                                function: Expr {
                                                    span: Some(
                                                        Span {
                                                            start: 25,
                                                            end: 34,
                                                        },
                                                    ),
                                                    expression: Identifier(
                                                        Operator(
                                                            "-",
                                                        ),
                                                    ),
                                                },
                                                argument: Expr {
                                                    span: Some(
                                                        Span {
                                                            start: 25,
                                                            end: 26,
                                                        },
                                                    ),
                                                    expression: Primitive(
                                                        Integer(
                                                            Small(
                                                                0,
                                                            ),
                                                        ),
                                                    ),
                                                },
                                            },
                                        ),
                                    },
                                    argument: Expr {
                                        span: Some(
                                            Span {
                                                start: 29,
                                                end: 34,
                                            },
                                        ),
                                        expression: Identifier(
                                            Name(
                                                "thing",
                                            ),
                                        ),
                                    },
                                },
                            ),
                        },
                    },
                ),
            },
            inner: Expr {
                span: Some(
                    Span {
                        start: 38,
                        end: 66,
                    },
                ),
                expression: Assign(
                    Assign {
                        name: Name(
                            "life",
                        ),
                        value: Expr {
                            span: Some(
                                Span {
                                    start: 49,
                                    end: 51,
                                },
                            ),
                            expression: Primitive(
                                Integer(
                                    Small(
                                        42,
                                    ),
                                ),
                            ),
                        },
                        inner: Expr {
                            span: Some(
                                Span {
                                    start: 55,
                                    end: 66,
                                },
                            ),
                            expression: Apply(
                                Apply {
                                    function: Expr {
                                        span: Some(
                                            Span {
                                                start: 55,
                                                end: 61,
                                            },
                                        ),
                                        expression: Identifier(
                                            Name(
                                                "negate",
                                            ),
                                        ),
                                    },
                                    argument: Expr {
                                        span: Some(
                                            Span {
                                                start: 62,
                                                end: 66,
                                            },
                                        ),
                                        expression: Identifier(
                                            Name(
                                                "life",
                                            ),
                                        ),
                                    },
                                },
                            ),
                        },
                    },
                ),
            },
        },
    ),
}
