---
source: crates/e2e/tests/valid_programs.rs
description: "123"
expression: ast
---
Expr {
    span: Some(
        Span {
            start: 0,
            end: 3,
        },
    ),
    expression: Primitive(
        Integer(
            Small(
                123,
            ),
        ),
    ),
}
